
> new-nextjs-app@0.1.0 dev
> next dev -p 5000 -H 0.0.0.0

  ▲ Next.js 14.2.14
  - Local:        http://localhost:5000
  - Network:      http://0.0.0.0:5000
  - Environments: .env.local
  - Experiments (use with caution):
    · optimizeCss

 ✓ Starting...
 ✓ Ready in 2.7s
 ○ Compiling / ...
 ✓ Compiled / in 7.1s (3004 modules)
🔧 RootLayout rendering...
🔧 Providers component rendering...
🔧 ThemeProvider rendering...
🔧 ThemeProvider - Server-side rendering, defaulting to light theme
🔧 ErrorBoundary constructor called
🔧 AuthProvider rendering...
🔧 useProfileQuery hook called with enabled: false
🔧 useLoginMutation hook called
🔧 useRegisterMutation hook called
🔧 PropertiesProvider rendering...
🔧 ConditionalHeader - Current path: /
🔧 ConditionalHeader - Skipping header for homepage
🏠 Home Page rendering...
🔧 HeroSection rendering...
🔧 PropertiesSection rendering...
🔧 ServiceBlocksGroup rendering...
🔧 ServiceBlock rendering... { title: 'BUY A HOME' }
🔧 ServiceBlock rendering... { title: 'RENT A HOME' }
🔧 ServiceBlock rendering... { title: 'BUY PLOTS/LAND' }
🔧 OwnerServiceBlock rendering...
🔧 Reviews component rendering...
🔧 Footer component rendering...
 GET / 200 in 7664ms
 ○ Compiling /login ...
 ✓ Compiled /login in 1236ms (3048 modules)
🔧 RootLayout rendering...
 ○ Compiling /properties ...
 ✓ Compiled /properties in 938ms (3078 modules)
(node:28916) [DEP0060] DeprecationWarning: The `util._extend` API is deprecated. Please use Object.assign() instead.
(Use `node --trace-deprecation ...` to show where the warning was created)
🔧 RootLayout rendering...
🔧 Providers component rendering...
🔧 ThemeProvider rendering...
🔧 ThemeProvider - Server-side rendering, defaulting to light theme
🔧 ErrorBoundary constructor called
🔧 AuthProvider rendering...
🔧 useProfileQuery hook called with enabled: false
🔧 useLoginMutation hook called
🔧 useRegisterMutation hook called
🔧 PropertiesProvider rendering...
🔧 ConditionalHeader - Current path: /properties
🔧 ConditionalHeader - Rendering header for path: /properties
🔧 Header component rendering...
🔧 Footer component rendering...
 GET /properties 200 in 495ms
[?25h
